******************************************************************************
                  TI ARM Linker PC v5.2.5                      
******************************************************************************
>> Linked Sat Oct 29 21:29:51 2016

OUTPUT FILE NAME:   <12864LCD_test.out>
ENTRY POINT SYMBOL: "_c_int00"  address: 00000aa5


MEMORY CONFIGURATION

         name            origin    length      used     unused   attr    fill
----------------------  --------  ---------  --------  --------  ----  --------
  FLASH                 00000000   00040000  00000e5a  0003f1a6  R  X
  SRAM                  20000000   00008000  00000214  00007dec  RW X


SEGMENT ALLOCATION MAP

run origin  load origin   length   init length attrs members
----------  ----------- ---------- ----------- ----- -------
00000000    00000000    00000e60   00000e60    r-x
  00000000    00000000    0000026c   0000026c    r-- .intvecs
  0000026c    0000026c    00000ad2   00000ad2    r-x .text
  00000d40    00000d40    000000fc   000000fc    r-- .const
  00000e40    00000e40    00000020   00000020    r-- .cinit
20000000    20000000    00000214   00000000    rw-
  20000000    20000000    00000200   00000000    rw- .stack
  20000200    20000200    00000014   00000000    rw- .data


SECTION ALLOCATION MAP

 output                                  attributes/
section   page    origin      length       input sections
--------  ----  ----------  ----------   ----------------
.intvecs   0    00000000    0000026c     
                  00000000    0000026c     tm4c123gh6pm_startup_ccs.obj (.intvecs)

.text      0    0000026c    00000ad2     
                  0000026c    00000310     12864LCD.obj (.text)
                  0000057c    00000132     driverlib.lib : gpio.obj (.text:GPIOPadConfigSet)
                  000006ae    00000002     --HOLE-- [fill = 0]
                  000006b0    00000110                   : sysctl.obj (.text:SysCtlClockGet)
                  000007c0    000000f4                   : sysctl.obj (.text:SysCtlClockSet)
                  000008b4    0000009c     rtsv7M4_T_le_v4SPD16_eabi.lib : memcpy_t2.obj (.text)
                  00000950    0000007a                                   : memset_t2.obj (.text)
                  000009ca    00000002     --HOLE-- [fill = 0]
                  000009cc    0000006c                                   : autoinit.obj (.text)
                  00000a38    0000006a                                   : copy_decompress_rle.obj (.text)
                  00000aa2    00000002     --HOLE-- [fill = 0]
                  00000aa4    00000050                                   : boot.obj (.text)
                  00000af4    0000004c                                   : cpy_tbl.obj (.text)
                  00000b40    00000048     driverlib.lib : gpio.obj (.text:GPIOPinConfigure)
                  00000b88    00000044     rtsv7M4_T_le_v4SPD16_eabi.lib : exit.obj (.text)
                  00000bcc    0000003c     driverlib.lib : ssi.obj (.text:SSIConfigSetExpClk)
                  00000c08    00000034                   : sysctl.obj (.text:SysCtlPeripheralEnable)
                  00000c3c    00000034     main.obj (.text)
                  00000c70    0000002a     driverlib.lib : gpio.obj (.text:GPIODirModeSet)
                  00000c9a    00000018                   : gpio.obj (.text:GPIOPinTypeGPIOOutput)
                  00000cb2    00000002     --HOLE-- [fill = 0]
                  00000cb4    00000018     rtsv7M4_T_le_v4SPD16_eabi.lib : args_main.obj (.text)
                  00000ccc    00000014                                   : _lock.obj (.text)
                  00000ce0    00000012     driverlib.lib : gpio.obj (.text:GPIOPinTypeSSI)
                  00000cf2    0000000e     rtsv7M4_T_le_v4SPD16_eabi.lib : copy_decompress_none.obj (.text:decompress:none)
                  00000d00    0000000c     tm4c123gh6pm_startup_ccs.obj (.text)
                  00000d0c    0000000a     driverlib.lib : ssi.obj (.text:SSIDataPut)
                  00000d16    0000000a                   : ssi.obj (.text:SSIEnable)
                  00000d20    00000008                   : ssi.obj (.text:SSIBusy)
                  00000d28    00000006                   : gpio.obj (.text:GPIOPinWrite)
                  00000d2e    00000006                   : sysctl.obj (.text:SysCtlDelay)
                  00000d34    00000006     rtsv7M4_T_le_v4SPD16_eabi.lib : copy_decompress_rle.obj (.text:decompress:rle24)
                  00000d3a    00000004                                   : pre_init.obj (.text)

.const     0    00000d40    000000fc     
                  00000d40    00000090     driverlib.lib : gpio.obj (.const:g_pui32GPIOBaseAddrs)
                  00000dd0    0000006c                   : sysctl.obj (.const:g_pui32Xtals)

.cinit     0    00000e40    00000020     
                  00000e40    0000000f     (.cinit..data.load) [load image, compression = rle]
                  00000e4f    00000001     --HOLE-- [fill = 0]
                  00000e50    00000008     (__TI_handler_table)
                  00000e58    00000008     (__TI_cinit_table)

.init_array 
*          0    00000000    00000000     UNINITIALIZED

.stack     0    20000000    00000200     UNINITIALIZED
                  20000000    00000200     --HOLE--

.data      0    20000200    00000014     UNINITIALIZED
                  20000200    00000008     rtsv7M4_T_le_v4SPD16_eabi.lib : _lock.obj (.data)
                  20000208    00000008                                   : exit.obj (.data)
                  20000210    00000004                                   : stkdepth_vars.obj (.data)

.TI.persistent 
*          0    20000200    00000000     UNINITIALIZED


LINKER GENERATED COPY TABLES

__TI_cinit_table @ 00000e58 records: 1, size/record: 8, table size: 8
	.data: load addr=00000e40, load size=0000000f bytes, run addr=20000200, run size=00000014 bytes, compression=rle


LINKER GENERATED HANDLER TABLE

__TI_handler_table @ 00000e50 records: 2, size/record: 4, table size: 8
	index: 0, handler: __TI_decompress_rle24
	index: 1, handler: __TI_decompress_none


GLOBAL SYMBOLS: SORTED ALPHABETICALLY BY Name 

address   name                    
-------   ----                    
00000b89  C$$EXIT                 
00000c71  GPIODirModeSet          
0000057d  GPIOPadConfigSet        
00000b41  GPIOPinConfigure        
00000c9b  GPIOPinTypeGPIOOutput   
00000ce1  GPIOPinTypeSSI          
00000d29  GPIOPinWrite            
0000054b  LCD_ROM_string          
000003b9  LCD_clear               
000003c3  LCD_draw                
0000026d  LCD_init                
00000475  LCD_pixel               
000004c9  LCD_set_cursor          
00000d01  ResetISR                
UNDEFED   SHT$$INIT_ARRAY$$Base   
UNDEFED   SHT$$INIT_ARRAY$$Limit  
00000d21  SSIBusy                 
00000bcd  SSIConfigSetExpClk      
00000d0d  SSIDataPut              
00000d17  SSIEnable               
000006b1  SysCtlClockGet          
000007c1  SysCtlClockSet          
00000d2f  SysCtlDelay             
00000c09  SysCtlPeripheralEnable  
20000200  __STACK_END             
00000200  __STACK_SIZE            
20000200  __STACK_TOP             
00000e58  __TI_CINIT_Base         
00000e60  __TI_CINIT_Limit        
00000e50  __TI_Handler_Table_Base 
00000e58  __TI_Handler_Table_Limit
000009cd  __TI_auto_init          
20000208  __TI_cleanup_ptr        
00000cf3  __TI_decompress_none    
00000d35  __TI_decompress_rle24   
2000020c  __TI_dtors_ptr          
00000000  __TI_static_base__      
00000951  __aeabi_memclr          
00000951  __aeabi_memclr4         
00000951  __aeabi_memclr8         
000008b5  __aeabi_memcpy          
000008b5  __aeabi_memcpy4         
000008b5  __aeabi_memcpy8         
00000953  __aeabi_memset          
00000953  __aeabi_memset4         
00000953  __aeabi_memset8         
ffffffff  __binit__               
ffffffff  __c_args__              
20000000  __stack                 
00000cb5  _args_main              
00000aa5  _c_int00                
20000200  _lock                   
00000cdb  _nop                    
00000cd3  _register_lock          
00000ccd  _register_unlock        
00000d3b  _system_pre_init        
20000204  _unlock                 
00000b8d  abort                   
ffffffff  binit                   
00000af5  copy_in                 
00000b95  exit                    
00000000  g_pfnVectors            
00000c3d  main                    
20000210  main_func_sp            
000008b5  memcpy                  
00000959  memset                  


GLOBAL SYMBOLS: SORTED BY Symbol Address 

address   name                    
-------   ----                    
00000000  __TI_static_base__      
00000000  g_pfnVectors            
00000200  __STACK_SIZE            
0000026d  LCD_init                
000003b9  LCD_clear               
000003c3  LCD_draw                
00000475  LCD_pixel               
000004c9  LCD_set_cursor          
0000054b  LCD_ROM_string          
0000057d  GPIOPadConfigSet        
000006b1  SysCtlClockGet          
000007c1  SysCtlClockSet          
000008b5  __aeabi_memcpy          
000008b5  __aeabi_memcpy4         
000008b5  __aeabi_memcpy8         
000008b5  memcpy                  
00000951  __aeabi_memclr          
00000951  __aeabi_memclr4         
00000951  __aeabi_memclr8         
00000953  __aeabi_memset          
00000953  __aeabi_memset4         
00000953  __aeabi_memset8         
00000959  memset                  
000009cd  __TI_auto_init          
00000aa5  _c_int00                
00000af5  copy_in                 
00000b41  GPIOPinConfigure        
00000b89  C$$EXIT                 
00000b8d  abort                   
00000b95  exit                    
00000bcd  SSIConfigSetExpClk      
00000c09  SysCtlPeripheralEnable  
00000c3d  main                    
00000c71  GPIODirModeSet          
00000c9b  GPIOPinTypeGPIOOutput   
00000cb5  _args_main              
00000ccd  _register_unlock        
00000cd3  _register_lock          
00000cdb  _nop                    
00000ce1  GPIOPinTypeSSI          
00000cf3  __TI_decompress_none    
00000d01  ResetISR                
00000d0d  SSIDataPut              
00000d17  SSIEnable               
00000d21  SSIBusy                 
00000d29  GPIOPinWrite            
00000d2f  SysCtlDelay             
00000d35  __TI_decompress_rle24   
00000d3b  _system_pre_init        
00000e50  __TI_Handler_Table_Base 
00000e58  __TI_CINIT_Base         
00000e58  __TI_Handler_Table_Limit
00000e60  __TI_CINIT_Limit        
20000000  __stack                 
20000200  __STACK_END             
20000200  __STACK_TOP             
20000200  _lock                   
20000204  _unlock                 
20000208  __TI_cleanup_ptr        
2000020c  __TI_dtors_ptr          
20000210  main_func_sp            
ffffffff  __binit__               
ffffffff  __c_args__              
ffffffff  binit                   
UNDEFED   SHT$$INIT_ARRAY$$Base   
UNDEFED   SHT$$INIT_ARRAY$$Limit  

[66 symbols]
